[    0.000000] Initializing cgroup subsys cpuset
[    0.000000] Initializing cgroup subsys cpu
[    0.000000] Initializing cgroup subsys cpuacct
[    0.000000] Linux version 4.4.0-210-generic (buildd@lgw01-amd64-009) (gcc version 5.4.0 20160609 (Ubuntu 5.4.0-6ubuntu1~16.04.12) ) #242-Ubuntu SMP Fri Apr 16 09:57:56 UTC 2021 (Ubuntu 4.4.0-210.242-generic 4.4.262)
[    0.000000] Command line: BOOT_IMAGE=/boot/vmlinuz-4.4.0-210-generic root=LABEL=cloudimg-rootfs ro console=tty1 console=ttyS0
[    0.000000] KERNEL supported cpus:
[    0.000000]   Intel GenuineIntel
[    0.000000]   AMD AuthenticAMD
[    0.000000]   Centaur CentaurHauls
[    0.000000] x86/fpu: Legacy x87 FPU detected.
[    0.000000] e820: BIOS-provided physical RAM map:
[    0.000000] BIOS-e820: [mem 0x0000000000000000-0x000000000009fbff] usable
[    0.000000] BIOS-e820: [mem 0x000000000009fc00-0x000000000009ffff] reserved
[    0.000000] BIOS-e820: [mem 0x00000000000f0000-0x00000000000fffff] reserved
[    0.000000] BIOS-e820: [mem 0x0000000000100000-0x000000003ffeffff] usable
[    0.000000] BIOS-e820: [mem 0x000000003fff0000-0x000000003fffffff] ACPI data
[    0.000000] BIOS-e820: [mem 0x00000000fec00000-0x00000000fec00fff] reserved
[    0.000000] BIOS-e820: [mem 0x00000000fee00000-0x00000000fee00fff] reserved
[    0.000000] BIOS-e820: [mem 0x00000000fffc0000-0x00000000ffffffff] reserved
[    0.000000] NX (Execute Disable) protection: active
[    0.000000] SMBIOS 2.5 present.
[    0.000000] Hypervisor detected: KVM
[    0.000000] e820: last_pfn = 0x3fff0 max_arch_pfn = 0x400000000
[    0.000000] MTRR: Disabled
[    0.000000] x86/PAT: MTRRs disabled, skipping PAT initialization too.
[    0.000000] CPU MTRRs all blank - virtualized system.
[    0.000000] x86/PAT: Configuration [0-7]: WB  WT  UC- UC  WB  WT  UC- UC  
[    0.000000] found SMP MP-table at [mem 0x0009fff0-0x0009ffff] mapped at [ffff88000009fff0]
[    0.000000] Scanning 1 areas for low memory corruption
[    0.000000] RAMDISK: [mem 0x362dc000-0x37165fff]
[    0.000000] ACPI: Early table checksum verification disabled
[    0.000000] ACPI: RSDP 0x00000000000E0000 000024 (v02 VBOX  )
[    0.000000] ACPI: XSDT 0x000000003FFF0030 00003C (v01 VBOX   VBOXXSDT 00000001 ASL  00000061)
[    0.000000] ACPI: FACP 0x000000003FFF00F0 0000F4 (v04 VBOX   VBOXFACP 00000001 ASL  00000061)
[    0.000000] ACPI: DSDT 0x000000003FFF0610 002353 (v02 VBOX   VBOXBIOS 00000002 INTL 20100528)
[    0.000000] ACPI: FACS 0x000000003FFF0200 000040
[    0.000000] ACPI: FACS 0x000000003FFF0200 000040
[    0.000000] ACPI: APIC 0x000000003FFF0240 00005C (v02 VBOX   VBOXAPIC 00000001 ASL  00000061)
[    0.000000] ACPI: SSDT 0x000000003FFF02A0 00036C (v01 VBOX   VBOXCPUT 00000002 INTL 20100528)
[    0.000000] No NUMA configuration found
[    0.000000] Faking a node at [mem 0x0000000000000000-0x000000003ffeffff]
[    0.000000] NODE_DATA(0) allocated [mem 0x3ffeb000-0x3ffeffff]
[    0.000000] kvm-clock: Using msrs 4b564d01 and 4b564d00
[    0.000000] kvm-clock: cpu 0, msr 0:3ffe3001, primary cpu clock
[    0.000000] kvm-clock: using sched offset of 8466101770 cycles
[    0.000000] clocksource: kvm-clock: mask: 0xffffffffffffffff max_cycles: 0x1cd42e4dffb, max_idle_ns: 881590591483 ns
[    0.000000] Zone ranges:
[    0.000000]   DMA      [mem 0x0000000000001000-0x0000000000ffffff]
[    0.000000]   DMA32    [mem 0x0000000001000000-0x000000003ffeffff]
[    0.000000]   Normal   empty
[    0.000000]   Device   empty
[    0.000000] Movable zone start for each node
[    0.000000] Early memory node ranges
[    0.000000]   node   0: [mem 0x0000000000001000-0x000000000009efff]
[    0.000000]   node   0: [mem 0x0000000000100000-0x000000003ffeffff]
[    0.000000] Initmem setup node 0 [mem 0x0000000000001000-0x000000003ffeffff]
[    0.000000] ACPI: PM-Timer IO Port: 0x4008
[    0.000000] IOAPIC[0]: apic_id 2, version 32, address 0xfec00000, GSI 0-23
[    0.000000] ACPI: INT_SRC_OVR (bus 0 bus_irq 0 global_irq 2 dfl dfl)
[    0.000000] ACPI: INT_SRC_OVR (bus 0 bus_irq 9 global_irq 9 low level)
[    0.000000] Using ACPI (MADT) for SMP configuration information
[    0.000000] smpboot: Allowing 2 CPUs, 0 hotplug CPUs
[    0.000000] PM: Registered nosave memory: [mem 0x00000000-0x00000fff]
[    0.000000] PM: Registered nosave memory: [mem 0x0009f000-0x0009ffff]
[    0.000000] PM: Registered nosave memory: [mem 0x000a0000-0x000effff]
[    0.000000] PM: Registered nosave memory: [mem 0x000f0000-0x000fffff]
[    0.000000] e820: [mem 0x40000000-0xfebfffff] available for PCI devices
[    0.000000] Booting paravirtualized kernel on KVM
[    0.000000] clocksource: refined-jiffies: mask: 0xffffffff max_cycles: 0xffffffff, max_idle_ns: 7645519600211568 ns
[    0.000000] setup_percpu: NR_CPUS:512 nr_cpumask_bits:512 nr_cpu_ids:2 nr_node_ids:1
[    0.000000] PERCPU: Embedded 33 pages/cpu @ffff88003fc00000 s95192 r8192 d31784 u1048576
[    0.000000] Built 1 zonelists in Node order, mobility grouping on.  Total pages: 257912
[    0.000000] Policy zone: DMA32
[    0.000000] Kernel command line: BOOT_IMAGE=/boot/vmlinuz-4.4.0-210-generic root=LABEL=cloudimg-rootfs ro console=tty1 console=ttyS0
[    0.000000] PID hash table entries: 4096 (order: 3, 32768 bytes)
[    0.000000] Memory: 997792K/1048120K available (8644K kernel code, 1332K rwdata, 4044K rodata, 1492K init, 1164K bss, 50328K reserved, 0K cma-reserved)
[    0.000000] SLUB: HWalign=64, Order=0-3, MinObjects=0, CPUs=2, Nodes=1
[    0.000000] Kernel/User page tables isolation: enabled
[    0.000000] Hierarchical RCU implementation.
[    0.000000] 	Build-time adjustment of leaf fanout to 64.
[    0.000000] 	RCU restricting CPUs from NR_CPUS=512 to nr_cpu_ids=2.
[    0.000000] RCU: Adjusting geometry for rcu_fanout_leaf=64, nr_cpu_ids=2
[    0.000000] NR_IRQS:33024 nr_irqs:440 16
[    0.000000] Console: colour VGA+ 80x25
[    0.000000] console [tty1] enabled
[    0.000000] console [ttyS0] enabled
[    0.000000] tsc: Detected 2400.000 MHz processor
[    2.108125] Calibrating delay loop (skipped) preset value.. 4800.00 BogoMIPS (lpj=9600000)
[    2.148063] pid_max: default: 32768 minimum: 301
[    2.181469] ACPI: Core revision 20150930
[    2.214181] ACPI: 2 ACPI AML tables successfully acquired and loaded
[    2.244525] Security Framework initialized
[    2.263899] Yama: becoming mindful.
[    2.279700] AppArmor: AppArmor initialized
[    2.300173] Dentry cache hash table entries: 131072 (order: 8, 1048576 bytes)
[    2.363220] Inode-cache hash table entries: 65536 (order: 7, 524288 bytes)
[    2.382526] Mount-cache hash table entries: 2048 (order: 2, 16384 bytes)
[    2.429987] Mountpoint-cache hash table entries: 2048 (order: 2, 16384 bytes)
[    2.473716] Initializing cgroup subsys io
[    2.486981] Initializing cgroup subsys memory
[    2.495365] Initializing cgroup subsys devices
[    2.506702] Initializing cgroup subsys freezer
[    2.546032] Initializing cgroup subsys net_cls
[    2.556454] Initializing cgroup subsys perf_event
[    2.567192] Initializing cgroup subsys net_prio
[    2.601133] Initializing cgroup subsys hugetlb
[    2.623769] Initializing cgroup subsys pids
[    2.674271] mce: CPU supports 0 MCE banks
[    2.686633] Last level iTLB entries: 4KB 64, 2MB 8, 4MB 8
[    2.713017] Last level dTLB entries: 4KB 64, 2MB 0, 4MB 0, 1GB 4
[    2.741104] Spectre V1 : Mitigation: usercopy/swapgs barriers and __user pointer sanitization
[    2.783086] Spectre V2 : Mitigation: Full generic retpoline
[    2.815054] Spectre V2 : Spectre v2 / SpectreRSB mitigation: Filling RSB on context switch
[    2.866383] Speculative Store Bypass: Vulnerable
[    2.888293] SRBDS: Unknown: Dependent on hypervisor status
[    2.912280] MDS: Mitigation: Clear CPU buffers
[    3.073459] Freeing SMP alternatives memory: 36K
[    3.394382] ftrace: allocating 32380 entries in 127 pages
[    4.941616] smpboot: APIC(0) Converting physical 0 to logical package 0
[    4.964669] smpboot: Max logical packages: 1
[    5.008635] ..TIMER: vector=0x30 apic1=0 pin1=2 apic2=-1 pin2=-1
[    5.132525] smpboot: CPU0: Intel(R) Core(TM) i3-7100U CPU @ 2.40GHz (family: 0x6, model: 0x8e, stepping: 0x9)
[    5.157907] Performance Events: unsupported p6 CPU model 142 no PMU driver, software events only.
[    5.407758] KVM setup paravirtual spinlock
[    5.422119] x86: Booting SMP configuration:
[    5.444708] .... node  #0, CPUs:      #1
[    5.458713] kvm-clock: cpu 1, msr 0:3ffe3041, secondary cpu clock
[    5.472714] mce: CPU supports 0 MCE banks
[    5.479627] TSC synchronization [CPU#0 -> CPU#1]:
[    5.491223] Measured 115952 cycles TSC warp between CPUs, turning off TSC clock.
[    5.508118] tsc: Marking TSC unstable due to check_tsc_sync_source failed
[    5.530086] x86: Booted up 1 node, 2 CPUs
[    5.539275] smpboot: Total of 2 processors activated (9600.00 BogoMIPS)
[    1.216016] devtmpfs: initialized
[    1.226905] evm: security.selinux
[    1.228009] evm: security.SMACK64
[    1.232008] evm: security.SMACK64EXEC
[    1.236008] evm: security.SMACK64TRANSMUTE
[    1.240007] evm: security.SMACK64MMAP
[    1.244008] evm: security.ima
[    1.248009] evm: security.capability
[    1.256865] clocksource: jiffies: mask: 0xffffffff max_cycles: 0xffffffff, max_idle_ns: 7645041785100000 ns
[    1.260047] futex hash table entries: 512 (order: 3, 32768 bytes)
[    1.268533] pinctrl core: initialized pinctrl subsystem
[    1.272798] RTC time:  9:24:23, date: 08/22/23
[    1.280315] NET: Registered protocol family 16
[    1.296043] cpuidle: using governor ladder
[    1.312029] cpuidle: using governor menu
[    1.316019] PCCT header not found.
[    1.320195] ACPI: bus type PCI registered
[    1.324009] acpiphp: ACPI Hot Plug PCI Controller Driver version: 0.5
[    1.332752] PCI: Using configuration type 1 for base access
[    1.364441] ACPI: Added _OSI(Module Device)
[    1.368010] ACPI: Added _OSI(Processor Device)
[    1.372033] ACPI: Added _OSI(3.0 _SCP Extensions)
[    1.376013] ACPI: Added _OSI(Processor Aggregator Device)
[    1.384654] ACPI: Executed 1 blocks of module-level executable AML code
[    1.406357] ACPI: Interpreter enabled
[    1.408024] ACPI: (supports S0 S5)
[    1.412009] ACPI: Using IOAPIC for interrupt routing
[    1.420052] PCI: Using host bridge windows from ACPI; if necessary, use "pci=nocrs" and report a bug
[    1.448296] ACPI: PCI Root Bridge [PCI0] (domain 0000 [bus 00-ff])
[    1.452018] acpi PNP0A03:00: _OSC: OS supports [ASPM ClockPM Segments MSI]
[    1.460735] acpi PNP0A03:00: _OSC: not requesting OS control; OS requires [ExtendedConfig ASPM ClockPM MSI]
[    1.464026] acpi PNP0A03:00: fail to add MMCONFIG information, can't access extended PCI configuration space under this bridge.
[    1.469619] PCI host bridge to bus 0000:00
[    1.472013] pci_bus 0000:00: root bus resource [io  0x0000-0x0cf7 window]
[    1.476014] pci_bus 0000:00: root bus resource [io  0x0d00-0xffff window]
[    1.480020] pci_bus 0000:00: root bus resource [mem 0x000a0000-0x000bffff window]
[    1.484032] pci_bus 0000:00: root bus resource [mem 0x40000000-0xfdffffff window]
[    1.492023] pci_bus 0000:00: root bus resource [bus 00-ff]
[    1.510698] pci 0000:00:01.1: legacy IDE quirk: reg 0x10: [io  0x01f0-0x01f7]
[    1.512013] pci 0000:00:01.1: legacy IDE quirk: reg 0x14: [io  0x03f6]
[    1.516011] pci 0000:00:01.1: legacy IDE quirk: reg 0x18: [io  0x0170-0x0177]
[    1.520013] pci 0000:00:01.1: legacy IDE quirk: reg 0x1c: [io  0x0376]
[    1.578055] pci 0000:00:07.0: quirk: [io  0x4000-0x403f] claimed by PIIX4 ACPI
[    1.580084] pci 0000:00:07.0: quirk: [io  0x4100-0x410f] claimed by PIIX4 SMB
[    1.620414] ACPI: PCI Interrupt Link [LNKA] (IRQs 5 9 10 *11)
[    1.636953] ACPI: PCI Interrupt Link [LNKB] (IRQs 5 9 *10 11)
[    1.648448] ACPI: PCI Interrupt Link [LNKC] (IRQs 5 *9 10 11)
[    1.664971] ACPI: PCI Interrupt Link [LNKD] (IRQs 5 9 10 *11)
[    1.675311] ACPI: Enabled 2 GPEs in block 00 to 07
[    1.676500] vgaarb: setting as boot device: PCI:0000:00:02.0
[    1.680000] vgaarb: device added: PCI:0000:00:02.0,decodes=io+mem,owns=io+mem,locks=none
[    1.680019] vgaarb: loaded
[    1.684010] vgaarb: bridge control possible 0000:00:02.0
[    1.689784] SCSI subsystem initialized
[    1.692438] ACPI: bus type USB registered
[    1.696101] usbcore: registered new interface driver usbfs
[    1.700084] usbcore: registered new interface driver hub
[    1.704040] usbcore: registered new device driver usb
[    1.713123] PCI: Using ACPI for IRQ routing
[    1.718077] NetLabel: Initializing
[    1.720009] NetLabel:  domain hash size = 128
[    1.724219] NetLabel:  protocols = UNLABELED CIPSOv4
[    1.728034] NetLabel:  unlabeled traffic allowed by default
[    1.732283] amd_nb: Cannot enumerate AMD northbridges
[    1.736571] clocksource: Switched to clocksource kvm-clock
[    1.778946] AppArmor: AppArmor Filesystem Enabled
[    1.778946] pnp: PnP ACPI init
[    1.778946] pnp: PnP ACPI: found 3 devices
[    1.982215] clocksource: acpi_pm: mask: 0xffffff max_cycles: 0xffffff, max_idle_ns: 2085701024 ns
[    1.985124] NET: Registered protocol family 2
[    2.014793] TCP established hash table entries: 8192 (order: 4, 65536 bytes)
[    2.016384] TCP bind hash table entries: 8192 (order: 5, 131072 bytes)
[    2.016384] TCP: Hash tables configured (established 8192 bind 8192)
[    2.016384] UDP hash table entries: 512 (order: 2, 16384 bytes)
[    2.016384] UDP-Lite hash table entries: 512 (order: 2, 16384 bytes)
[    2.016384] NET: Registered protocol family 1
[    2.016384] pci 0000:00:00.0: Limiting direct PCI/PCI transfers
[    2.016384] pci 0000:00:01.0: Activating ISA DMA hang workarounds
[    2.016384] Unpacking initramfs...
[    2.984498] Freeing initrd memory: 14888K
[    2.984498] clocksource: tsc: mask: 0xffffffffffffffff max_cycles: 0x22983777dd9, max_idle_ns: 440795300422 ns
[    2.984498] platform rtc_cmos: registered platform RTC device (no PNP device found)
[    2.984498] Scanning for low memory corruption every 60 seconds
[    3.157505] audit: initializing netlink subsys (disabled)
[    3.173230] audit: type=2000 audit(1692696270.691:1): initialized
[    3.190320] Initialise system trusted keyring
[    3.210322] HugeTLB registered 2 MB page size, pre-allocated 0 pages
[    3.230338] zbud: loaded
[    3.239866] VFS: Disk quotas dquot_6.6.0
[    3.242188] VFS: Dquot-cache hash table entries: 512 (order 0, 4096 bytes)
[    3.242188] squashfs: version 4.0 (2009/01/31) Phillip Lougher
[    3.284595] fuse init (API version 7.23)
[    3.295362] Key type big_key registered
[    3.313619] Allocating IMA MOK and blacklist keyrings.
[    3.367874] Key type asymmetric registered
[    3.376943] Asymmetric key parser 'x509' registered
[    3.386565] Block layer SCSI generic (bsg) driver version 0.4 loaded (major 249)
[    3.410680] io scheduler noop registered
[    3.420704] io scheduler deadline registered (default)
[    3.435437] io scheduler cfq registered
[    3.448253] pci_hotplug: PCI Hot Plug PCI Core version: 0.5
[    3.451527] pciehp: PCI Express Hot Plug Controller Driver version: 0.4
[    3.451527] ACPI: AC Adapter [AC] (on-line)
[    3.451527] input: Power Button as /devices/LNXSYSTM:00/LNXPWRBN:00/input/input0
[    3.451527] ACPI: Power Button [PWRF]
[    3.451527] input: Sleep Button as /devices/LNXSYSTM:00/LNXSLPBN:00/input/input1
[    3.451527] ACPI: Sleep Button [SLPF]
[    3.560493] GHES: HEST is not enabled!
[    3.572892] Serial: 8250/16550 driver, 32 ports, IRQ sharing enabled
[    3.573739] ACPI: Battery Slot [BAT0] (battery present)
[    3.635445] 00:02: ttyS0 at I/O 0x3f8 (irq = 4, base_baud = 115200) is a 16550A
[    3.638957] Linux agpgart interface v0.103
[    3.707682] loop: module loaded
[    3.720872] scsi host0: ata_piix
[    3.733153] scsi host1: ata_piix
[    3.741303] ata1: PATA max UDMA/33 cmd 0x1f0 ctl 0x3f6 bmdma 0xd000 irq 14
[    3.745130] ata2: PATA max UDMA/33 cmd 0x170 ctl 0x376 bmdma 0xd008 irq 15
[    3.777362] libphy: Fixed MDIO Bus: probed
[    3.787289] tun: Universal TUN/TAP device driver, 1.6
[    3.799944] tun: (C) 1999-2004 Max Krasnyansky <maxk@qualcomm.com>
[    3.813804] PPP generic driver version 2.4.2
[    3.824946] ehci_hcd: USB 2.0 'Enhanced' Host Controller (EHCI) Driver
[    3.842088] ehci-pci: EHCI PCI platform driver
[    3.852093] ehci-platform: EHCI generic platform driver
[    3.867033] ohci_hcd: USB 1.1 'Open' Host Controller (OHCI) Driver
[    3.882316] ohci-pci: OHCI PCI platform driver
[    3.892352] ohci-platform: OHCI generic platform driver
[    3.911105] uhci_hcd: USB Universal Host Controller Interface driver
[    3.923965] i8042: PNP: PS/2 Controller [PNP0303:PS2K,PNP0f03:PS2M] at 0x60,0x64 irq 1,12
[    4.010040] serio: i8042 KBD port at 0x60,0x64 irq 1
[    4.020276] serio: i8042 AUX port at 0x60,0x64 irq 12
[    4.033795] mousedev: PS/2 mouse device common for all mice
[    4.052979] rtc_cmos rtc_cmos: rtc core: registered rtc_cmos as rtc0
[    4.069254] rtc_cmos rtc_cmos: alarms up to one day, 114 bytes nvram
[    4.086624] i2c /dev entries driver
[    4.098711] device-mapper: uevent: version 1.0.3
[    4.108773] device-mapper: ioctl: 4.34.0-ioctl (2015-10-28) initialised: dm-devel@redhat.com
[    4.130668] ledtrig-cpu: registered to indicate activity on CPUs
[    4.149972] input: AT Translated Set 2 keyboard as /devices/platform/i8042/serio0/input/input2
[    4.175557] NET: Registered protocol family 10
[    4.186554] NET: Registered protocol family 17
[    4.198511] Key type dns_resolver registered
[    4.219128] registered taskstats version 1
[    4.237511] Loading compiled-in X.509 certificates
[    4.257414] Loaded X.509 cert 'Build time autogenerated kernel key: cf00e047681d67edb2720680708b7d9498083038'
[    4.282543] zswap: loaded using pool lzo/zbud
[    4.304556] Key type trusted registered
[    4.333215] Key type encrypted registered
[    4.343187] AppArmor: AppArmor sha1 policy hashing enabled
[    4.357978] ima: No TPM chip found, activating TPM-bypass!
[    4.371211] ima: Allocated hash algorithm: sha1
[    4.383424] evm: HMAC attrs: 0x1
[    4.395739]   Magic number: 3:992:424
[    4.407358] rtc_cmos rtc_cmos: setting system clock to 2023-08-22 09:24:26 UTC (1692696266)
[    4.433440] BIOS EDD facility v0.16 2004-Jun-25, 0 devices found
[    4.445984] EDD information not available.
[    4.461021] Freeing unused kernel memory: 1492K
[    4.485277] Write protecting the kernel read-only data: 14336k
[    4.502984] Freeing unused kernel memory: 1584K
[    4.514007] Freeing unused kernel memory: 52K
Loading, please wait...
starting version 229
[    4.598462] random: systemd-udevd: uninitialized urandom read (16 bytes read, 12 bits of entropy available)
[    4.599048] random: udevadm: uninitialized urandom read (16 bytes read, 12 bits of entropy available)
[    4.599090] random: udevadm: uninitialized urandom read (16 bytes read, 12 bits of entropy available)
[    4.649240] random: udevadm: uninitialized urandom read (16 bytes read, 12 bits of entropy available)
[    4.649420] random: udevadm: uninitialized urandom read (16 bytes read, 12 bits of entropy available)
[    4.649841] random: udevadm: uninitialized urandom read (16 bytes read, 12 bits of entropy available)
[    4.649958] random: udevadm: uninitialized urandom read (16 bytes read, 12 bits of entropy available)
[    4.650084] random: udevadm: uninitialized urandom read (16 bytes read, 12 bits of entropy available)
[    4.650351] random: udevadm: uninitialized urandom read (16 bytes read, 12 bits of entropy available)
[    4.651036] random: udevadm: uninitialized urandom read (16 bytes read, 12 bits of entropy available)
[    5.042942] e1000: Intel(R) PRO/1000 Network Driver - version 7.3.21-k8-NAPI
[    5.070420] e1000: Copyright (c) 1999-2006 Intel Corporation.
[    5.117607] Fusion MPT base driver 3.04.20
[    5.129304] Copyright (c) 1999-2008 LSI Corporation
[    5.197598] Fusion MPT SPI Host driver 3.04.20
[    5.273681] SSE version of gcm_enc/dec engaged.
[    5.589292] input: ImExPS/2 Generic Explorer Mouse as /devices/platform/i8042/serio1/input/input4
[    6.732487] e1000 0000:00:03.0 eth0: (PCI:33MHz:32-bit) 02:be:82:6b:cc:1d
[    6.749984] e1000 0000:00:03.0 eth0: Intel(R) PRO/1000 Network Connection
[    6.775786] mptbase: ioc0: Initiating bringup
[    6.879277] ioc0: LSI53C1030 A0: Capabilities={Initiator}
[    7.099758] scsi host2: ioc0: LSI53C1030 A0, FwRev=00000000h, Ports=1, MaxQ=256, IRQ=20
[    7.245815] scsi 2:0:0:0: Direct-Access     VBOX     HARDDISK         1.0  PQ: 0 ANSI: 5
[    7.273983] scsi target2:0:0: Beginning Domain Validation
[    7.315459] scsi target2:0:0: Domain Validation skipping write tests
[    7.329689] scsi target2:0:0: Ending Domain Validation
[    7.342908] scsi target2:0:0: asynchronous
[    7.368829] scsi 2:0:1:0: Direct-Access     VBOX     HARDDISK         1.0  PQ: 0 ANSI: 5
[    7.390596] scsi target2:0:1: Beginning Domain Validation
[    7.435512] scsi target2:0:1: Domain Validation skipping write tests
[    7.450502] scsi target2:0:1: Ending Domain Validation
[    7.467831] scsi target2:0:1: asynchronous
[    7.519457] sd 2:0:0:0: Attached scsi generic sg0 type 0
[    7.521886] sd 2:0:0:0: [sda] 83886080 512-byte logical blocks: (42.9 GB/40.0 GiB)
[    7.526172] sd 2:0:0:0: [sda] Write Protect is off
[    7.528056] sd 2:0:0:0: [sda] Incomplete mode parameter data
[    7.528060] sd 2:0:0:0: [sda] Assuming drive cache: write through
[    7.620664] sd 2:0:1:0: Attached scsi generic sg1 type 0
[    7.643019] sd 2:0:1:0: [sdb] 20480 512-byte logical blocks: (10.5 MB/10.0 MiB)
[    7.665289]  sda: sda1
[    7.681379] sd 2:0:1:0: [sdb] Write Protect is off
[    7.705010] sd 2:0:0:0: [sda] Attached SCSI disk
[    7.724017] sd 2:0:1:0: [sdb] Incomplete mode parameter data
[    7.735419] sd 2:0:1:0: [sdb] Assuming drive cache: write through
[    7.810958] sd 2:0:1:0: [sdb] Attached SCSI disk
[    9.091913] e1000 0000:00:08.0 eth1: (PCI:33MHz:32-bit) 08:00:27:72:3d:f8
[    9.119625] e1000 0000:00:08.0 eth1: Intel(R) PRO/1000 Network Connection
[    9.164176] e1000 0000:00:03.0 enp0s3: renamed from eth0
[    9.196614] e1000 0000:00:08.0 enp0s8: renamed from eth1
Begin: Loading essential drivers ... [   12.420897] md: linear personality registered for level -1
[   12.458290] md: multipath personality registered for level -4
[   12.482625] md: raid0 personality registered for level 0
[   12.532417] md: raid1 personality registered for level 1
